// Jest Snapshot v1, https://goo.gl/fbAQLP

exports[`should be render router  1`] = `
<RNCSafeAreaProvider
  onInsetsChange={[Function]}
  style={
    Array [
      Object {
        "flex": 1,
      },
      undefined,
    ]
  }
>
  <RNSScreenStack
    style={
      Object {
        "flex": 1,
      }
    }
  >
    <RNSScreen
      collapsable={false}
      forwardedRef={[Function]}
      gestureResponseDistance={
        Object {
          "bottom": -1,
          "end": -1,
          "start": -1,
          "top": -1,
        }
      }
      onAppear={[Function]}
      onDisappear={[Function]}
      onDismissed={[Function]}
      onTransitionProgress={[Function]}
      onWillDisappear={[Function]}
      replaceAnimation="push"
      stackPresentation="push"
      style={
        Object {
          "bottom": 0,
          "left": 0,
          "position": "absolute",
          "right": 0,
          "top": 0,
        }
      }
      swipeDirection="horizontal"
    >
      <RNSScreenStackHeaderConfig
        backButtonInCustomView={false}
        backgroundColor="rgb(255, 255, 255)"
        color="rgb(0, 122, 255)"
        direction="ltr"
        disableBackButtonMenu={false}
        hidden={true}
        hideBackButton={false}
        largeTitleHideShadow={false}
        title="Welcome"
        titleColor="rgb(28, 28, 30)"
        topInsetEnabled={false}
        translucent={false}
      />
      <View
        style={
          Array [
            Object {
              "flex": 1,
            },
            Object {
              "backgroundColor": "rgb(242, 242, 242)",
            },
            undefined,
          ]
        }
      >
        <View
          style={
            Object {
              "backgroundColor": "white",
              "flex": 1,
              "padding": 15,
            }
          }
        >
          <View
            style={
              Object {
                "alignItems": "center",
                "marginTop": 20,
              }
            }
            testID="welcome-page-images"
          >
            <Image
              source={
                Object {
                  "testUri": "../../../assets/images/WelcomeIcon1.png",
                }
              }
              style={
                Object {
                  "height": 130,
                  "left": 75,
                  "resizeMode": "contain",
                  "width": 130,
                }
              }
            />
            <Image
              source={
                Object {
                  "testUri": "../../../assets/images/WelcomeIcon2.png",
                }
              }
              style={
                Object {
                  "height": 130,
                  "resizeMode": "contain",
                  "right": 75,
                  "width": 130,
                }
              }
            />
            <Image
              source={
                Object {
                  "testUri": "../../../assets/images/WelcomeIcon3.png",
                }
              }
              style={
                Object {
                  "height": 130,
                  "left": 75,
                  "resizeMode": "contain",
                  "width": 130,
                }
              }
            />
          </View>
          <Text
            style={
              Object {
                "color": "#161616",
                "fontFamily": "OpenSans-Light",
                "fontSize": 30,
              }
            }
          >
            Welcome to WeatherApp.
          </Text>
          <Text
            style={
              Object {
                "color": "#161616",
                "fontFamily": "OpenSans-Light",
                "fontSize": 30,
              }
            }
          >
            So letâ€™s started!
          </Text>
          <View
            accessible={true}
            collapsable={false}
            focusable={false}
            onClick={[Function]}
            onResponderGrant={[Function]}
            onResponderMove={[Function]}
            onResponderRelease={[Function]}
            onResponderTerminate={[Function]}
            onResponderTerminationRequest={[Function]}
            onStartShouldSetResponder={[Function]}
            style={
              Object {
                "alignItems": "center",
                "backgroundColor": "#5BA7FB",
                "borderRadius": 50,
                "justifyContent": "center",
                "marginTop": 15,
                "opacity": 1,
                "padding": 10,
              }
            }
            testID="touchable-button"
          >
            <Text
              style={
                Object {
                  "color": "white",
                  "fontFamily": "OpenSans-SemiBold",
                  "fontSize": 20,
                }
              }
              testID="button-title"
            >
              Get my location
            </Text>
          </View>
          <View
            accessible={true}
            collapsable={false}
            focusable={true}
            onClick={[Function]}
            onResponderGrant={[Function]}
            onResponderMove={[Function]}
            onResponderRelease={[Function]}
            onResponderTerminate={[Function]}
            onResponderTerminationRequest={[Function]}
            onStartShouldSetResponder={[Function]}
            style={
              Object {
                "alignItems": "center",
                "borderColor": "#5BA7FB",
                "borderRadius": 50,
                "borderWidth": 1,
                "justifyContent": "center",
                "marginTop": 15,
                "opacity": 1,
                "padding": 10,
              }
            }
            testID="touchable-button"
          >
            <Text
              style={
                Object {
                  "color": "#5BA7FB",
                  "fontFamily": "OpenSans-SemiBold",
                  "fontSize": 20,
                }
              }
              testID="button-title"
            >
              Skip for now
            </Text>
          </View>
          <View
            style={
              Object {
                "alignItems": "center",
                "flexDirection": "row",
                "justifyContent": "center",
                "marginTop": 15,
              }
            }
          >
            <RCTSwitch
              accessibilityRole="switch"
              onChange={[Function]}
              onResponderTerminationRequest={[Function]}
              onStartShouldSetResponder={[Function]}
              onTintColor="#313030"
              style={
                Object {
                  "height": 31,
                  "width": 51,
                }
              }
              testID="welcome-page-switch"
              thumbTintColor="white"
              tintColor="#F5F4F4"
              value={false}
            />
            <Text
              style={
                Object {
                  "color": "#161616",
                  "fontFamily": "OpenSans-Light",
                  "fontSize": 15,
                  "marginLeft": 5,
                }
              }
            >
              Enable dark mode
            </Text>
          </View>
        </View>
      </View>
    </RNSScreen>
  </RNSScreenStack>
</RNCSafeAreaProvider>
`;
